// Jest Snapshot v1, https://goo.gl/fbAQLP

exports[`<ToDoListItem /> renders admin icons on mouseover 1`] = `
<li
  className="MuiListItem-root makeStyles-listItem-221 MuiListItem-dense MuiListItem-gutters MuiListItem-divider"
  disabled={false}
  onMouseEnter={[Function]}
  onMouseLeave={[Function]}
>
  <div
    className="MuiListItemText-root makeStyles-multiline-220 MuiListItemText-dense"
  >
    <span
      className="MuiTypography-root MuiListItemText-primary MuiTypography-body2"
    >
      testText
    </span>
  </div>
  <div
    style={
      Object {
        "opacity": 0,
        "visibility": "hidden",
      }
    }
  >
    <div
      style={
        Object {
          "display": "flex",
          "flexDirection": "column",
        }
      }
    >
      <button
        aria-describedby={null}
        className="MuiButtonBase-root MuiIconButton-root MuiIconButton-sizeSmall MuiIconButton-edgeStart"
        disabled={false}
        onBlur={[Function]}
        onClick={[Function]}
        onDragLeave={[Function]}
        onFocus={[Function]}
        onKeyDown={[Function]}
        onKeyUp={[Function]}
        onMouseDown={[Function]}
        onMouseLeave={[Function]}
        onMouseOver={[Function]}
        onMouseUp={[Function]}
        onTouchEnd={[Function]}
        onTouchMove={[Function]}
        onTouchStart={[Function]}
        tabIndex={0}
        title="Marquer \\"Urgent\\""
        type="button"
      >
        <span
          className="MuiIconButton-label"
        >
          <svg
            aria-hidden="true"
            className="MuiSvgIcon-root MuiSvgIcon-fontSizeSmall"
            focusable="false"
            role="presentation"
            viewBox="0 0 24 24"
          >
            <path
              d="M1 21h22L12 2 1 21zm12-3h-2v-2h2v2zm0-4h-2v-4h2v4z"
            />
          </svg>
        </span>
        <span
          className="MuiTouchRipple-root"
        />
      </button>
      <button
        aria-describedby={null}
        className="MuiButtonBase-root MuiIconButton-root MuiIconButton-sizeSmall MuiIconButton-edgeStart"
        disabled={false}
        onBlur={[Function]}
        onClick={[Function]}
        onDragLeave={[Function]}
        onFocus={[Function]}
        onKeyDown={[Function]}
        onKeyUp={[Function]}
        onMouseDown={[Function]}
        onMouseLeave={[Function]}
        onMouseOver={[Function]}
        onMouseUp={[Function]}
        onTouchEnd={[Function]}
        onTouchMove={[Function]}
        onTouchStart={[Function]}
        tabIndex={0}
        title="TransfÃ©rer"
        type="button"
      >
        <span
          className="MuiIconButton-label"
        >
          <svg
            aria-hidden="true"
            className="MuiSvgIcon-root MuiSvgIcon-fontSizeSmall"
            focusable="false"
            role="presentation"
            viewBox="0 0 24 24"
          >
            <path
              d="M15.5 5H11l5 7-5 7h4.5l5-7z"
            />
            <path
              d="M8.5 5H4l5 7-5 7h4.5l5-7z"
            />
          </svg>
        </span>
        <span
          className="MuiTouchRipple-root"
        />
      </button>
      <button
        aria-describedby={null}
        className="MuiButtonBase-root MuiIconButton-root MuiIconButton-sizeSmall MuiIconButton-edgeStart"
        disabled={false}
        onBlur={[Function]}
        onClick={[Function]}
        onDragLeave={[Function]}
        onFocus={[Function]}
        onKeyDown={[Function]}
        onKeyUp={[Function]}
        onMouseDown={[Function]}
        onMouseLeave={[Function]}
        onMouseOver={[Function]}
        onMouseUp={[Function]}
        onTouchEnd={[Function]}
        onTouchMove={[Function]}
        onTouchStart={[Function]}
        tabIndex={0}
        title="Supprimer ðŸ”’"
        type="button"
      >
        <span
          className="MuiIconButton-label"
        >
          <svg
            aria-hidden="true"
            className="MuiSvgIcon-root MuiSvgIcon-fontSizeSmall"
            focusable="false"
            role="presentation"
            viewBox="0 0 24 24"
          >
            <path
              d="M6 19c0 1.1.9 2 2 2h8c1.1 0 2-.9 2-2V7H6v12zM19 4h-3.5l-1-1h-5l-1 1H5v2h14V4z"
            />
          </svg>
        </span>
        <span
          className="MuiTouchRipple-root"
        />
      </button>
    </div>
  </div>
</li>
`;
